<?xml version="1.0" encoding="UTF-8"?>
<test-run>
</test-run>
